01 - Базовый тест 
1 Lorem ispsum
1.1 Dolor sit amet
1.2 Consectetur adipiscing elit
1.2.1 Tempor incididunt
1.3 Ut labore et dolore
1.3.1 Et dolore magna
1.3.1.1 Ut enim ad minim
