10 - Первый заголовочный тег в секции не h1 
Ошибка: первым заголовочным тегом в <section> может быть только <h1>.