11 - Несколько h1 в секции 
Ошибка: не должно быть больше одного <h1> в <article>.