09 - Заголовочный тег содержит другие теги 
Ошибка: содержимым тега <h1> может быть только текст.