04 - Первый заголовочный тег не h1 
Ошибка: первым тегом в <body> может быть только <h1>.