08 - Пропущен уровень в последовательности 
Ошибка: тег <h5> нарушает правило последовательности уровней (отличается от предыдущего больше, чем на один уровень).