16 - Комплексный тест номер 2 
1 Lorem ipsum
1.1 dolor sit amet
1.1.1 consectetur adipiscing elit
1.1.1.1 sed do eiusmod
1.1.2 tempor incididunt
1.2 ut labore
1.2.1 et dolore
1.2.1.1 magna aliqua
1.2.1.1.1 Ut enim
1.2.1.1.1.1 ad minim
1.2.1.1.2 quis nostrud
1.2.1.2 exercitation ullamco
2 Lorem ipsum
2.1 dolor sit amet
2.1.1 consectetur adipiscing elit
2.1.1.1 sed do eiusmod
2.1.2 tempor incididunt
2.2 ut labore
2.2.1 et dolore
2.2.1.1 magna aliqua
2.2.1.1.1 Ut enim
2.2.1.1.1.1 ad minim
3 Lorem ipsum
3.1 dolor sit amet
3.1.1 consectetur adipiscing elit
3.1.1.1 sed do eiusmod
3.1.2 tempor incididunt
3.2 ut labore
3.2.1 et dolore
3.2.1.1 magna aliqua
3.2.1.1.1 Ut enim
3.2.1.1.1.1 ad minim
