05 - Пустой заголовочный тег 
Ошибка: содержимое тега <h1> не может быть пустым.