03 - Тег body без заголовочных тегов 
Ошибка: нет заголовочных тегов.