12 - Корректное использование секций 
1 Общий Заголовок Документа
2 Заголовок Секции 1
2.1 Подзаголовок 1.1
3 Заголовок Статьи 1
3.1 Подзаголовок Статьи 1.1
4 Заголовок Секции 2
