13 - Большая корректная вложенность 
1 L1
1.1 L2-A
1.1.1 L3-A
1.1.1.1 L4-A
1.1.1.1.1 L5-A
1.1.1.1.1.1 L6-A
1.2 L2-B
1.2.1 L3-B
1.2.1.1 L4-B
1.2.1.1.1 L5-B
1.2.1.1.1.1 L6-B
