14 - Необычный текст внутри заголовочного тега 
1 Заголовок с кавычками " ' & символами <>
1.1 ОченьДлинныйЗаголовокБезПробеловЧтобыПроверитьПереносыИОбработкуДлинныхСтрокЕслиТакаяПроверкаАктуальна
1.1.1 Заголовок на другом языке: заголовок Prüfung
