07 - Секция вложена в секцию 
Ошибка: <section> не должен быть вложен в <section>.