06 - Несколько тегов h1 
Ошибка: не должно быть больше одного <h1> в <body>.