02 - Комплексный тест 
1 Главный H1
1.1 Под H1
1.1.1 H3 после Секции (родитель - H2 вне секции)
2 H1 в Секции 1
2.1 H2 в Секции 1
2.1.1 H3 в Секции 1
3 H1 в Статье
3.1 Под H1 в Статье
