15 - Обратный порядок заголовков 
Ошибка: тег <h3> нарушает правило последовательности уровней (отличается от предыдущего больше, чем на один уровень).Ошибка: первым тегом в <body> может быть только <h1>.Ошибка: не должно быть больше одного <h1> в <body>.